// Jest Snapshot v1, https://goo.gl/fbAQLP

exports[`check typings: packages/postgremote/typings-tests/jsql.ts 1`] = `
"Argument of type '{}' is not assignable to parameter of type 'PropertiesFromColumns<ColumnFree<\\"isNullable\\", BooleanConstructor, boolean | undefined, true> | ColumnFree<\\"withDefault\\", NumberConstructor, true, boolean | undefined> | ColumnFree<\\"withDefaultAndNullable\\", StringConstructor, true, true> | ColumnFree<...>>'.
  Property 'required' is missing in type '{}' but required in type '{ required: String; }'."
`;

exports[`check typings: packages/postgremote/typings-tests/jsql.ts 2`] = `
"Argument of type '{ isNullable: boolean; }' is not assignable to parameter of type 'PropertiesFromColumns<ColumnFree<\\"isNullable\\", BooleanConstructor, boolean | undefined, true> | ColumnFree<\\"withDefault\\", NumberConstructor, true, boolean | undefined> | ColumnFree<\\"withDefaultAndNullable\\", StringConstructor, true, true> | ColumnFree<...>>'.
  Property 'required' is missing in type '{ isNullable: boolean; }' but required in type '{ required: String; }'."
`;

exports[`check typings: packages/postgremote/typings-tests/jsql.ts 3`] = `"Expected 1 arguments, but got 0."`;

exports[`check typings: packages/postgremote/typings-tests/jsql.ts 4`] = `
"Argument of type '{}' is not assignable to parameter of type 'PropertiesFromColumns<ColumnFree<\\"arg\\", StringConstructor, boolean | undefined, boolean | undefined> | ColumnFree<\\"nullable\\", NumberConstructor, boolean | undefined, true> | ColumnFree<...>>'.
  Property 'arg' is missing in type '{}' but required in type '{ arg: String; }'."
`;

exports[`check typings: packages/postgremote/typings-tests/jsql.ts 5`] = `"Type 'number' is not assignable to type 'String'."`;

exports[`check typings: packages/postgremote/typings-tests/jsql.ts 6`] = `"Type 'string' is not assignable to type 'Boolean | undefined'."`;

exports[`check typings: packages/postgremote/typings-tests/jsql.ts 7`] = `"Type 'string' is not assignable to type 'Number | undefined'."`;

exports[`check typings: packages/postgremote/typings-tests/postgremote-client.ts 1`] = `"Property 'c2' does not exist on type 'QueryResultType<ColumnLinked<\\"MyTable1\\", \\"c1\\", StringConstructor, boolean | undefined, boolean | undefined, \\"\\">>'."`;

exports[`check typings: packages/postgremote/typings-tests/postgremote-client.ts 2`] = `"Property 'thereIsNoSuchAColumnHere' does not exist on type 'QueryResultType<ColumnLinked<\\"MyTable1\\", \\"c1\\", StringConstructor, boolean | undefined, boolean | undefined, \\"\\">>'."`;

exports[`check typings: packages/postgremote/typings-tests/postgremote-client.ts 3`] = `"Property 'thereIsNoSuchAColumnHere' does not exist on type 'QueryResultType<ColumnLinked<\\"MyTable1\\", \\"c1\\", StringConstructor, boolean | undefined, boolean | undefined, \\"\\"> | ColumnLinked<\\"MyTable1\\", \\"c2\\", StringConstructor, boolean | undefined, boolean | undefined, \\"\\">>'."`;

exports[`check typings: packages/postgremote/typings-tests/postgremote-client.ts 4`] = `"Property 'thereIsNoSuchAColumnHere' does not exist on type 'QueryResultType<ColumnFree<\\"c1\\", StringConstructor, boolean | undefined, boolean | undefined> | ColumnFree<\\"c2\\", StringConstructor, boolean | undefined, boolean | undefined> | ColumnLinked<...>>'."`;
